Watching for file changes with StatReloader
[15/Aug/2026 02:13:05] "GET /api/health/ HTTP/1.1" 200 44
[15/Aug/2026 02:13:05,562] - Broken pipe from ('127.0.0.1', 59179)
[15/Aug/2026 02:13:50] "GET /api/health/ HTTP/1.1" 200 44
[15/Aug/2026 02:13:50,714] - Broken pipe from ('127.0.0.1', 64346)
[15/Aug/2026 03:44:54] "GET /api/scans/ HTTP/1.1" 200 15
[15/Aug/2026 03:46:26] "GET /api/health/ HTTP/1.1" 200 44
[15/Aug/2026 03:46:26,197] - Broken pipe from ('127.0.0.1', 50623)
[15/Aug/2026 03:51:53] "GET /api/scans/ HTTP/1.1" 200 15
[15/Aug/2026 03:51:53] "GET /api/scans/ HTTP/1.1" 200 15
[15/Aug/2026 03:51:54] "GET /api/scans/ HTTP/1.1" 200 15
[15/Aug/2026 03:51:54] "GET /api/scans/ HTTP/1.1" 200 15
C:\Users\adity\OneDrive\Desktop\SAST_SCAN\apps\backend\scans\services.py changed, reloading.
Watching for file changes with StatReloader
C:\Users\adity\OneDrive\Desktop\SAST_SCAN\apps\backend\sast_web\settings.py changed, reloading.
Watching for file changes with StatReloader
C:\Users\adity\OneDrive\Desktop\SAST_SCAN\apps\backend\scans\views.py changed, reloading.
Watching for file changes with StatReloader
C:\Users\adity\OneDrive\Desktop\SAST_SCAN\apps\backend\scans\urls.py changed, reloading.
Watching for file changes with StatReloader
C:\Users\adity\OneDrive\Desktop\SAST_SCAN\apps\backend\scans\pdf.py changed, reloading.
Watching for file changes with StatReloader
[15/Aug/2026 04:14:49] "GET /api/reports/latest/ HTTP/1.1" 200 3258155
[15/Aug/2026 04:14:49] "GET /api/reports/latest/pdf/ HTTP/1.1" 200 555622
[15/Aug/2026 04:14:49,709] - Broken pipe from ('127.0.0.1', 55358)
[15/Aug/2026 04:14:50,948] - Broken pipe from ('127.0.0.1', 55357)
[15/Aug/2026 04:19:55] "GET /api/scans/ HTTP/1.1" 200 15
[15/Aug/2026 04:19:55] "GET /api/reports/latest/ HTTP/1.1" 200 3258155
[15/Aug/2026 04:19:55] "GET /api/scans/ HTTP/1.1" 200 15
[15/Aug/2026 04:19:55] "GET /api/reports/latest/ HTTP/1.1" 200 3258155
[15/Aug/2026 04:20:21] "POST /api/scans/ HTTP/1.1" 202 645
[15/Aug/2026 04:20:21] "GET /api/scans/ HTTP/1.1" 200 726
[15/Aug/2026 04:20:24] "GET /api/scans/e805a0b4-766c-41cd-b8f3-cea25862f9d5/ HTTP/1.1" 200 711
[15/Aug/2026 04:20:26] "GET /api/scans/e805a0b4-766c-41cd-b8f3-cea25862f9d5/ HTTP/1.1" 200 711
[15/Aug/2026 04:20:29] "GET /api/scans/e805a0b4-766c-41cd-b8f3-cea25862f9d5/ HTTP/1.1" 200 711
[15/Aug/2026 04:20:31] "GET /api/scans/e805a0b4-766c-41cd-b8f3-cea25862f9d5/ HTTP/1.1" 200 711
[15/Aug/2026 04:20:34] "GET /api/scans/e805a0b4-766c-41cd-b8f3-cea25862f9d5/ HTTP/1.1" 200 711
[15/Aug/2026 04:20:36] "GET /api/scans/e805a0b4-766c-41cd-b8f3-cea25862f9d5/ HTTP/1.1" 200 711
[15/Aug/2026 04:20:39] "GET /api/scans/e805a0b4-766c-41cd-b8f3-cea25862f9d5/ HTTP/1.1" 200 711
[15/Aug/2026 04:20:41] "GET /api/scans/e805a0b4-766c-41cd-b8f3-cea25862f9d5/ HTTP/1.1" 200 711
[15/Aug/2026 04:20:44] "GET /api/scans/e805a0b4-766c-41cd-b8f3-cea25862f9d5/ HTTP/1.1" 200 711
[15/Aug/2026 04:20:46] "GET /api/scans/e805a0b4-766c-41cd-b8f3-cea25862f9d5/ HTTP/1.1" 200 711
[15/Aug/2026 04:20:49] "GET /api/scans/e805a0b4-766c-41cd-b8f3-cea25862f9d5/ HTTP/1.1" 200 711
[15/Aug/2026 04:20:51] "GET /api/scans/e805a0b4-766c-41cd-b8f3-cea25862f9d5/ HTTP/1.1" 200 711
[15/Aug/2026 04:20:54] "GET /api/scans/e805a0b4-766c-41cd-b8f3-cea25862f9d5/ HTTP/1.1" 200 711
[15/Aug/2026 04:20:56] "GET /api/scans/e805a0b4-766c-41cd-b8f3-cea25862f9d5/ HTTP/1.1" 200 711
[15/Aug/2026 04:20:59] "GET /api/scans/e805a0b4-766c-41cd-b8f3-cea25862f9d5/ HTTP/1.1" 200 711
[15/Aug/2026 04:21:01] "GET /api/scans/e805a0b4-766c-41cd-b8f3-cea25862f9d5/ HTTP/1.1" 200 711
[15/Aug/2026 04:21:04] "GET /api/scans/e805a0b4-766c-41cd-b8f3-cea25862f9d5/ HTTP/1.1" 200 711
[15/Aug/2026 04:21:06] "GET /api/scans/e805a0b4-766c-41cd-b8f3-cea25862f9d5/ HTTP/1.1" 200 711
[15/Aug/2026 04:21:09] "GET /api/scans/e805a0b4-766c-41cd-b8f3-cea25862f9d5/ HTTP/1.1" 200 711
[15/Aug/2026 04:21:11] "GET /api/scans/e805a0b4-766c-41cd-b8f3-cea25862f9d5/ HTTP/1.1" 200 711
[15/Aug/2026 04:21:14] "GET /api/scans/e805a0b4-766c-41cd-b8f3-cea25862f9d5/ HTTP/1.1" 200 711
[15/Aug/2026 04:21:16] "GET /api/scans/e805a0b4-766c-41cd-b8f3-cea25862f9d5/ HTTP/1.1" 200 711
[15/Aug/2026 04:21:19] "GET /api/scans/e805a0b4-766c-41cd-b8f3-cea25862f9d5/ HTTP/1.1" 200 711
[15/Aug/2026 04:21:21] "GET /api/scans/e805a0b4-766c-41cd-b8f3-cea25862f9d5/ HTTP/1.1" 200 711
[15/Aug/2026 04:21:24] "GET /api/scans/e805a0b4-766c-41cd-b8f3-cea25862f9d5/ HTTP/1.1" 200 711
[15/Aug/2026 04:21:26] "GET /api/scans/e805a0b4-766c-41cd-b8f3-cea25862f9d5/ HTTP/1.1" 200 1231
[15/Aug/2026 04:21:27] "GET /api/scans/e805a0b4-766c-41cd-b8f3-cea25862f9d5/report/json/ HTTP/1.1" 200 44478
[15/Aug/2026 04:21:27] "GET /api/scans/ HTTP/1.1" 200 1246
[15/Aug/2026 04:22:07] "GET /api/scans/e805a0b4-766c-41cd-b8f3-cea25862f9d5/report/json/ HTTP/1.1" 200 44478
[15/Aug/2026 04:22:22] "GET /api/scans/e805a0b4-766c-41cd-b8f3-cea25862f9d5/report/json/ HTTP/1.1" 200 44478
[15/Aug/2026 04:22:23] "GET /api/scans/e805a0b4-766c-41cd-b8f3-cea25862f9d5/report/json/ HTTP/1.1" 200 44478
[15/Aug/2026 04:22:24] "GET /api/scans/e805a0b4-766c-41cd-b8f3-cea25862f9d5/report/json/ HTTP/1.1" 200 44478
C:\Users\adity\OneDrive\Desktop\SAST_SCAN\apps\backend\scans\pdf.py changed, reloading.
Watching for file changes with StatReloader
Exception in thread django-main-thread:
Traceback (most recent call last):
  File "C:\Program Files\Python314\Lib\threading.py", line 1082, in _bootstrap_inner
    self._context.run(self.run)
    ~~~~~~~~~~~~~~~~~^^^^^^^^^^
  File "C:\Program Files\Python314\Lib\threading.py", line 1024, in run
    self._target(*self._args, **self._kwargs)
    ~~~~~~~~~~~~^^^^^^^^^^^^^^^^^^^^^^^^^^^^^
  File "C:\Program Files\Python314\Lib\site-packages\django\utils\autoreload.py", line 64, in wrapper
    fn(*args, **kwargs)
    ~~^^^^^^^^^^^^^^^^^
  File "C:\Program Files\Python314\Lib\site-packages\django\core\management\commands\runserver.py", line 134, in inner_run
    self.check(**check_kwargs)
    ~~~~~~~~~~^^^^^^^^^^^^^^^^
  File "C:\Program Files\Python314\Lib\site-packages\django\core\management\base.py", line 496, in check
    all_issues = checks.run_checks(
        app_configs=app_configs,
    ...<2 lines>...
        databases=databases,
    )
  File "C:\Program Files\Python314\Lib\site-packages\django\core\checks\registry.py", line 89, in run_checks
    new_errors = check(app_configs=app_configs, databases=databases)
  File "C:\Program Files\Python314\Lib\site-packages\django\core\checks\urls.py", line 16, in check_url_config
    return check_resolver(resolver)
  File "C:\Program Files\Python314\Lib\site-packages\django\core\checks\urls.py", line 26, in check_resolver
    return check_method()
  File "C:\Program Files\Python314\Lib\site-packages\django\urls\resolvers.py", line 531, in check
    for pattern in self.url_patterns:
                   ^^^^^^^^^^^^^^^^^
  File "C:\Program Files\Python314\Lib\site-packages\django\utils\functional.py", line 47, in __get__
    res = instance.__dict__[self.name] = self.func(instance)
                                         ~~~~~~~~~^^^^^^^^^^
  File "C:\Program Files\Python314\Lib\site-packages\django\urls\resolvers.py", line 718, in url_patterns
    patterns = getattr(self.urlconf_module, "urlpatterns", self.urlconf_module)
                       ^^^^^^^^^^^^^^^^^^^
  File "C:\Program Files\Python314\Lib\site-packages\django\utils\functional.py", line 47, in __get__
    res = instance.__dict__[self.name] = self.func(instance)
                                         ~~~~~~~~~^^^^^^^^^^
  File "C:\Program Files\Python314\Lib\site-packages\django\urls\resolvers.py", line 711, in urlconf_module
    return import_module(self.urlconf_name)
  File "C:\Program Files\Python314\Lib\importlib\__init__.py", line 88, in import_module
    return _bootstrap._gcd_import(name[level:], package, level)
           ~~~~~~~~~~~~~~~~~~~~~~^^^^^^^^^^^^^^^^^^^^^^^^^^^^^^
  File "<frozen importlib._bootstrap>", line 1398, in _gcd_import
  File "<frozen importlib._bootstrap>", line 1371, in _find_and_load
  File "<frozen importlib._bootstrap>", line 1342, in _find_and_load_unlocked
  File "<frozen importlib._bootstrap>", line 938, in _load_unlocked
  File "<frozen importlib._bootstrap_external>", line 759, in exec_module
  File "<frozen importlib._bootstrap>", line 491, in _call_with_frames_removed
  File "C:\Users\adity\OneDrive\Desktop\SAST_SCAN\apps\backend\sast_web\urls.py", line 6, in <module>
    path("api/", include("scans.urls")),
                 ~~~~~~~^^^^^^^^^^^^^^
  File "C:\Program Files\Python314\Lib\site-packages\django\urls\conf.py", line 39, in include
    urlconf_module = import_module(urlconf_module)
  File "C:\Program Files\Python314\Lib\importlib\__init__.py", line 88, in import_module
    return _bootstrap._gcd_import(name[level:], package, level)
           ~~~~~~~~~~~~~~~~~~~~~~^^^^^^^^^^^^^^^^^^^^^^^^^^^^^^
  File "<frozen importlib._bootstrap>", line 1398, in _gcd_import
  File "<frozen importlib._bootstrap>", line 1371, in _find_and_load
  File "<frozen importlib._bootstrap>", line 1342, in _find_and_load_unlocked
  File "<frozen importlib._bootstrap>", line 938, in _load_unlocked
  File "<frozen importlib._bootstrap_external>", line 759, in exec_module
  File "<frozen importlib._bootstrap>", line 491, in _call_with_frames_removed
  File "C:\Users\adity\OneDrive\Desktop\SAST_SCAN\apps\backend\scans\urls.py", line 5, in <module>
    from . import views
  File "C:\Users\adity\OneDrive\Desktop\SAST_SCAN\apps\backend\scans\views.py", line 12, in <module>
    from .pdf import write_scan_pdf
  File "C:\Users\adity\OneDrive\Desktop\SAST_SCAN\apps\backend\scans\pdf.py", line 6, in <module>
    from reportlab.lib import colors
ModuleNotFoundError: No module named 'reportlab'
C:\Users\adity\OneDrive\Desktop\SAST_SCAN\apps\backend\scans\pdf.py changed, reloading.
Watching for file changes with StatReloader
[15/Aug/2026 04:34:21] "GET /api/reports/latest/pdf/ HTTP/1.1" 200 13954
[15/Aug/2026 04:34:21,713] - Broken pipe from ('127.0.0.1', 63171)
[15/Aug/2026 04:42:18] "GET /api/reports/latest/ HTTP/1.1" 200 33875
[15/Aug/2026 04:42:18] "GET /api/scans/ HTTP/1.1" 200 1246
[15/Aug/2026 04:42:18] "GET /api/reports/latest/ HTTP/1.1" 200 33875
[15/Aug/2026 04:42:18] "GET /api/scans/ HTTP/1.1" 200 1246
[15/Aug/2026 04:43:00] "POST /api/scans/ HTTP/1.1" 202 645
[15/Aug/2026 04:43:00] "GET /api/scans/ HTTP/1.1" 200 1959
[15/Aug/2026 04:43:02] "GET /api/scans/532f71d1-7c31-47ee-b98b-adf6acceb508/ HTTP/1.1" 200 711
[15/Aug/2026 04:43:05] "GET /api/scans/532f71d1-7c31-47ee-b98b-adf6acceb508/ HTTP/1.1" 200 711
[15/Aug/2026 04:43:07] "GET /api/scans/532f71d1-7c31-47ee-b98b-adf6acceb508/ HTTP/1.1" 200 711
[15/Aug/2026 04:43:10] "GET /api/scans/532f71d1-7c31-47ee-b98b-adf6acceb508/ HTTP/1.1" 200 711
[15/Aug/2026 04:43:12] "GET /api/scans/532f71d1-7c31-47ee-b98b-adf6acceb508/ HTTP/1.1" 200 711
[15/Aug/2026 04:43:15] "GET /api/scans/532f71d1-7c31-47ee-b98b-adf6acceb508/ HTTP/1.1" 200 711
[15/Aug/2026 04:43:18] "GET /api/scans/532f71d1-7c31-47ee-b98b-adf6acceb508/ HTTP/1.1" 200 711
[15/Aug/2026 04:43:20] "GET /api/scans/532f71d1-7c31-47ee-b98b-adf6acceb508/ HTTP/1.1" 200 711
[15/Aug/2026 04:43:23] "GET /api/scans/532f71d1-7c31-47ee-b98b-adf6acceb508/ HTTP/1.1" 200 711
[15/Aug/2026 04:43:25] "GET /api/scans/532f71d1-7c31-47ee-b98b-adf6acceb508/ HTTP/1.1" 200 711
[15/Aug/2026 04:43:28] "GET /api/scans/532f71d1-7c31-47ee-b98b-adf6acceb508/ HTTP/1.1" 200 711
[15/Aug/2026 04:43:30] "GET /api/scans/532f71d1-7c31-47ee-b98b-adf6acceb508/ HTTP/1.1" 200 711
[15/Aug/2026 04:43:33] "GET /api/scans/532f71d1-7c31-47ee-b98b-adf6acceb508/ HTTP/1.1" 200 711
[15/Aug/2026 04:43:35] "GET /api/scans/532f71d1-7c31-47ee-b98b-adf6acceb508/ HTTP/1.1" 200 711
[15/Aug/2026 04:43:38] "GET /api/scans/532f71d1-7c31-47ee-b98b-adf6acceb508/ HTTP/1.1" 200 711
[15/Aug/2026 04:43:40] "GET /api/scans/532f71d1-7c31-47ee-b98b-adf6acceb508/ HTTP/1.1" 200 711
[15/Aug/2026 04:43:43] "GET /api/scans/532f71d1-7c31-47ee-b98b-adf6acceb508/ HTTP/1.1" 200 711
[15/Aug/2026 04:43:45] "GET /api/scans/532f71d1-7c31-47ee-b98b-adf6acceb508/ HTTP/1.1" 200 711
[15/Aug/2026 04:43:48] "GET /api/scans/532f71d1-7c31-47ee-b98b-adf6acceb508/ HTTP/1.1" 200 711
[15/Aug/2026 04:43:50] "GET /api/scans/532f71d1-7c31-47ee-b98b-adf6acceb508/ HTTP/1.1" 200 711
[15/Aug/2026 04:43:53] "GET /api/scans/532f71d1-7c31-47ee-b98b-adf6acceb508/ HTTP/1.1" 200 711
[15/Aug/2026 04:43:55] "GET /api/scans/532f71d1-7c31-47ee-b98b-adf6acceb508/ HTTP/1.1" 200 711
[15/Aug/2026 04:43:58] "GET /api/scans/532f71d1-7c31-47ee-b98b-adf6acceb508/ HTTP/1.1" 200 711
[15/Aug/2026 04:44:01] "GET /api/scans/532f71d1-7c31-47ee-b98b-adf6acceb508/ HTTP/1.1" 200 711
[15/Aug/2026 04:44:03] "GET /api/scans/532f71d1-7c31-47ee-b98b-adf6acceb508/ HTTP/1.1" 200 711
[15/Aug/2026 04:44:06] "GET /api/scans/532f71d1-7c31-47ee-b98b-adf6acceb508/ HTTP/1.1" 200 711
[15/Aug/2026 04:44:08] "GET /api/scans/532f71d1-7c31-47ee-b98b-adf6acceb508/ HTTP/1.1" 200 1231
[15/Aug/2026 04:44:08] "GET /api/scans/532f71d1-7c31-47ee-b98b-adf6acceb508/report/json/ HTTP/1.1" 200 44478
[15/Aug/2026 04:44:08] "GET /api/scans/ HTTP/1.1" 200 2479
[15/Aug/2026 04:44:22] "GET /api/scans/532f71d1-7c31-47ee-b98b-adf6acceb508/report/pdf/ HTTP/1.1" 200 13954
[15/Aug/2026 04:45:46] "POST /api/scans/ HTTP/1.1" 202 625
[15/Aug/2026 04:45:46] "GET /api/scans/ HTTP/1.1" 200 3172
[15/Aug/2026 04:45:48] "GET /api/scans/2b2f9f26-834d-4c64-8863-fa8c069249bc/ HTTP/1.1" 200 691
[15/Aug/2026 04:45:51] "GET /api/scans/2b2f9f26-834d-4c64-8863-fa8c069249bc/ HTTP/1.1" 200 691
[15/Aug/2026 04:45:53] "GET /api/scans/2b2f9f26-834d-4c64-8863-fa8c069249bc/ HTTP/1.1" 200 691
[15/Aug/2026 04:45:56] "GET /api/scans/2b2f9f26-834d-4c64-8863-fa8c069249bc/ HTTP/1.1" 200 691
[15/Aug/2026 04:45:58] "GET /api/scans/2b2f9f26-834d-4c64-8863-fa8c069249bc/ HTTP/1.1" 200 691
[15/Aug/2026 04:46:01] "GET /api/scans/2b2f9f26-834d-4c64-8863-fa8c069249bc/ HTTP/1.1" 200 691
[15/Aug/2026 04:46:03] "GET /api/scans/2b2f9f26-834d-4c64-8863-fa8c069249bc/ HTTP/1.1" 200 691
[15/Aug/2026 04:46:06] "GET /api/scans/2b2f9f26-834d-4c64-8863-fa8c069249bc/ HTTP/1.1" 200 691
[15/Aug/2026 04:46:08] "GET /api/scans/2b2f9f26-834d-4c64-8863-fa8c069249bc/ HTTP/1.1" 200 691
[15/Aug/2026 04:46:11] "GET /api/scans/2b2f9f26-834d-4c64-8863-fa8c069249bc/ HTTP/1.1" 200 691
[15/Aug/2026 04:46:13] "GET /api/scans/2b2f9f26-834d-4c64-8863-fa8c069249bc/ HTTP/1.1" 200 691
[15/Aug/2026 04:46:16] "GET /api/scans/2b2f9f26-834d-4c64-8863-fa8c069249bc/ HTTP/1.1" 200 691
[15/Aug/2026 04:46:18] "GET /api/scans/2b2f9f26-834d-4c64-8863-fa8c069249bc/ HTTP/1.1" 200 691
[15/Aug/2026 04:46:21] "GET /api/scans/2b2f9f26-834d-4c64-8863-fa8c069249bc/ HTTP/1.1" 200 691
[15/Aug/2026 04:46:23] "GET /api/scans/2b2f9f26-834d-4c64-8863-fa8c069249bc/ HTTP/1.1" 200 691
[15/Aug/2026 04:46:26] "GET /api/scans/2b2f9f26-834d-4c64-8863-fa8c069249bc/ HTTP/1.1" 200 691
[15/Aug/2026 04:46:29] "GET /api/scans/2b2f9f26-834d-4c64-8863-fa8c069249bc/ HTTP/1.1" 200 691
[15/Aug/2026 04:46:31] "GET /api/scans/2b2f9f26-834d-4c64-8863-fa8c069249bc/ HTTP/1.1" 200 691
[15/Aug/2026 04:46:34] "GET /api/scans/2b2f9f26-834d-4c64-8863-fa8c069249bc/ HTTP/1.1" 200 691
[15/Aug/2026 04:46:36] "GET /api/scans/2b2f9f26-834d-4c64-8863-fa8c069249bc/ HTTP/1.1" 200 691
[15/Aug/2026 04:46:39] "GET /api/scans/2b2f9f26-834d-4c64-8863-fa8c069249bc/ HTTP/1.1" 200 691
[15/Aug/2026 04:46:41] "GET /api/scans/2b2f9f26-834d-4c64-8863-fa8c069249bc/ HTTP/1.1" 200 691
[15/Aug/2026 04:46:44] "GET /api/scans/2b2f9f26-834d-4c64-8863-fa8c069249bc/ HTTP/1.1" 200 691
[15/Aug/2026 04:46:46] "GET /api/scans/2b2f9f26-834d-4c64-8863-fa8c069249bc/ HTTP/1.1" 200 691
[15/Aug/2026 04:46:49] "GET /api/scans/2b2f9f26-834d-4c64-8863-fa8c069249bc/ HTTP/1.1" 200 691
[15/Aug/2026 04:46:51] "GET /api/scans/2b2f9f26-834d-4c64-8863-fa8c069249bc/ HTTP/1.1" 200 691
[15/Aug/2026 04:46:54] "GET /api/scans/2b2f9f26-834d-4c64-8863-fa8c069249bc/ HTTP/1.1" 200 691
[15/Aug/2026 04:46:56] "GET /api/scans/2b2f9f26-834d-4c64-8863-fa8c069249bc/ HTTP/1.1" 200 691
[15/Aug/2026 04:46:59] "GET /api/scans/2b2f9f26-834d-4c64-8863-fa8c069249bc/ HTTP/1.1" 200 691
[15/Aug/2026 04:47:01] "GET /api/scans/2b2f9f26-834d-4c64-8863-fa8c069249bc/ HTTP/1.1" 200 691
[15/Aug/2026 04:47:04] "GET /api/scans/2b2f9f26-834d-4c64-8863-fa8c069249bc/ HTTP/1.1" 200 691
[15/Aug/2026 04:47:07] "GET /api/scans/2b2f9f26-834d-4c64-8863-fa8c069249bc/ HTTP/1.1" 200 691
[15/Aug/2026 04:47:09] "GET /api/scans/2b2f9f26-834d-4c64-8863-fa8c069249bc/ HTTP/1.1" 200 691
[15/Aug/2026 04:47:12] "GET /api/scans/2b2f9f26-834d-4c64-8863-fa8c069249bc/ HTTP/1.1" 200 691
[15/Aug/2026 04:47:14] "GET /api/scans/2b2f9f26-834d-4c64-8863-fa8c069249bc/ HTTP/1.1" 200 691
[15/Aug/2026 04:47:17] "GET /api/scans/2b2f9f26-834d-4c64-8863-fa8c069249bc/ HTTP/1.1" 200 691
[15/Aug/2026 04:47:19] "GET /api/scans/2b2f9f26-834d-4c64-8863-fa8c069249bc/ HTTP/1.1" 200 691
[15/Aug/2026 04:47:22] "GET /api/scans/2b2f9f26-834d-4c64-8863-fa8c069249bc/ HTTP/1.1" 200 691
[15/Aug/2026 04:47:24] "GET /api/scans/2b2f9f26-834d-4c64-8863-fa8c069249bc/ HTTP/1.1" 200 691
[15/Aug/2026 04:47:27] "GET /api/scans/2b2f9f26-834d-4c64-8863-fa8c069249bc/ HTTP/1.1" 200 691
[15/Aug/2026 04:47:29] "GET /api/scans/2b2f9f26-834d-4c64-8863-fa8c069249bc/ HTTP/1.1" 200 691
[15/Aug/2026 04:47:32] "GET /api/scans/2b2f9f26-834d-4c64-8863-fa8c069249bc/ HTTP/1.1" 200 691
[15/Aug/2026 04:47:34] "GET /api/scans/2b2f9f26-834d-4c64-8863-fa8c069249bc/ HTTP/1.1" 200 691
[15/Aug/2026 04:47:37] "GET /api/scans/2b2f9f26-834d-4c64-8863-fa8c069249bc/ HTTP/1.1" 200 691
[15/Aug/2026 04:47:39] "GET /api/scans/2b2f9f26-834d-4c64-8863-fa8c069249bc/ HTTP/1.1" 200 691
[15/Aug/2026 04:47:42] "GET /api/scans/2b2f9f26-834d-4c64-8863-fa8c069249bc/ HTTP/1.1" 200 691
[15/Aug/2026 04:47:44] "GET /api/scans/2b2f9f26-834d-4c64-8863-fa8c069249bc/ HTTP/1.1" 200 691
[15/Aug/2026 04:47:47] "GET /api/scans/2b2f9f26-834d-4c64-8863-fa8c069249bc/ HTTP/1.1" 200 691
[15/Aug/2026 04:47:50] "GET /api/scans/2b2f9f26-834d-4c64-8863-fa8c069249bc/ HTTP/1.1" 200 691
[15/Aug/2026 04:47:52] "GET /api/scans/2b2f9f26-834d-4c64-8863-fa8c069249bc/ HTTP/1.1" 200 691
[15/Aug/2026 04:47:55] "GET /api/scans/2b2f9f26-834d-4c64-8863-fa8c069249bc/ HTTP/1.1" 200 691
[15/Aug/2026 04:47:57] "GET /api/scans/2b2f9f26-834d-4c64-8863-fa8c069249bc/ HTTP/1.1" 200 691
[15/Aug/2026 04:48:00] "GET /api/scans/2b2f9f26-834d-4c64-8863-fa8c069249bc/ HTTP/1.1" 200 691
[15/Aug/2026 04:48:02] "GET /api/scans/2b2f9f26-834d-4c64-8863-fa8c069249bc/ HTTP/1.1" 200 691
[15/Aug/2026 04:48:05] "GET /api/scans/2b2f9f26-834d-4c64-8863-fa8c069249bc/ HTTP/1.1" 200 691
[15/Aug/2026 04:48:07] "GET /api/scans/2b2f9f26-834d-4c64-8863-fa8c069249bc/ HTTP/1.1" 200 691
[15/Aug/2026 04:48:10] "GET /api/scans/2b2f9f26-834d-4c64-8863-fa8c069249bc/ HTTP/1.1" 200 691
[15/Aug/2026 04:48:12] "GET /api/scans/2b2f9f26-834d-4c64-8863-fa8c069249bc/ HTTP/1.1" 200 691
[15/Aug/2026 04:48:15] "GET /api/scans/2b2f9f26-834d-4c64-8863-fa8c069249bc/ HTTP/1.1" 200 691
[15/Aug/2026 04:48:17] "GET /api/scans/2b2f9f26-834d-4c64-8863-fa8c069249bc/ HTTP/1.1" 200 691
[15/Aug/2026 04:48:20] "GET /api/scans/2b2f9f26-834d-4c64-8863-fa8c069249bc/ HTTP/1.1" 200 691
[15/Aug/2026 04:48:22] "GET /api/scans/2b2f9f26-834d-4c64-8863-fa8c069249bc/ HTTP/1.1" 200 691
[15/Aug/2026 04:48:25] "GET /api/scans/2b2f9f26-834d-4c64-8863-fa8c069249bc/ HTTP/1.1" 200 691
[15/Aug/2026 04:48:27] "GET /api/scans/2b2f9f26-834d-4c64-8863-fa8c069249bc/ HTTP/1.1" 200 691
[15/Aug/2026 04:48:30] "GET /api/scans/2b2f9f26-834d-4c64-8863-fa8c069249bc/ HTTP/1.1" 200 691
[15/Aug/2026 04:48:33] "GET /api/scans/2b2f9f26-834d-4c64-8863-fa8c069249bc/ HTTP/1.1" 200 691
[15/Aug/2026 04:48:35] "GET /api/scans/2b2f9f26-834d-4c64-8863-fa8c069249bc/ HTTP/1.1" 200 691
[15/Aug/2026 04:48:38] "GET /api/scans/2b2f9f26-834d-4c64-8863-fa8c069249bc/ HTTP/1.1" 200 691
[15/Aug/2026 04:48:40] "GET /api/scans/2b2f9f26-834d-4c64-8863-fa8c069249bc/ HTTP/1.1" 200 691
[15/Aug/2026 04:48:43] "GET /api/scans/2b2f9f26-834d-4c64-8863-fa8c069249bc/ HTTP/1.1" 200 691
[15/Aug/2026 04:48:45] "GET /api/scans/2b2f9f26-834d-4c64-8863-fa8c069249bc/ HTTP/1.1" 200 691
[15/Aug/2026 04:48:48] "GET /api/scans/2b2f9f26-834d-4c64-8863-fa8c069249bc/ HTTP/1.1" 200 691
[15/Aug/2026 04:48:50] "GET /api/scans/2b2f9f26-834d-4c64-8863-fa8c069249bc/ HTTP/1.1" 200 691
[15/Aug/2026 04:48:53] "GET /api/scans/2b2f9f26-834d-4c64-8863-fa8c069249bc/ HTTP/1.1" 200 691
[15/Aug/2026 04:48:55] "GET /api/scans/2b2f9f26-834d-4c64-8863-fa8c069249bc/ HTTP/1.1" 200 691
[15/Aug/2026 04:48:58] "GET /api/scans/2b2f9f26-834d-4c64-8863-fa8c069249bc/ HTTP/1.1" 200 691
[15/Aug/2026 04:49:00] "GET /api/scans/2b2f9f26-834d-4c64-8863-fa8c069249bc/ HTTP/1.1" 200 691
[15/Aug/2026 04:49:03] "GET /api/scans/2b2f9f26-834d-4c64-8863-fa8c069249bc/ HTTP/1.1" 200 691
[15/Aug/2026 04:49:05] "GET /api/scans/2b2f9f26-834d-4c64-8863-fa8c069249bc/ HTTP/1.1" 200 691
[15/Aug/2026 04:49:08] "GET /api/scans/2b2f9f26-834d-4c64-8863-fa8c069249bc/ HTTP/1.1" 200 691
[15/Aug/2026 04:49:10] "GET /api/scans/2b2f9f26-834d-4c64-8863-fa8c069249bc/ HTTP/1.1" 200 691
[15/Aug/2026 04:49:13] "GET /api/scans/2b2f9f26-834d-4c64-8863-fa8c069249bc/ HTTP/1.1" 200 691
[15/Aug/2026 04:49:16] "GET /api/scans/2b2f9f26-834d-4c64-8863-fa8c069249bc/ HTTP/1.1" 200 691
[15/Aug/2026 04:49:18] "GET /api/scans/2b2f9f26-834d-4c64-8863-fa8c069249bc/ HTTP/1.1" 200 691
[15/Aug/2026 04:49:21] "GET /api/scans/2b2f9f26-834d-4c64-8863-fa8c069249bc/ HTTP/1.1" 200 691
[15/Aug/2026 04:49:23] "GET /api/scans/2b2f9f26-834d-4c64-8863-fa8c069249bc/ HTTP/1.1" 200 691
[15/Aug/2026 04:49:26] "GET /api/scans/2b2f9f26-834d-4c64-8863-fa8c069249bc/ HTTP/1.1" 200 691
[15/Aug/2026 04:49:28] "GET /api/scans/2b2f9f26-834d-4c64-8863-fa8c069249bc/ HTTP/1.1" 200 691
[15/Aug/2026 04:49:31] "GET /api/scans/2b2f9f26-834d-4c64-8863-fa8c069249bc/ HTTP/1.1" 200 691
[15/Aug/2026 04:49:33] "GET /api/scans/2b2f9f26-834d-4c64-8863-fa8c069249bc/ HTTP/1.1" 200 691
[15/Aug/2026 04:49:36] "GET /api/scans/2b2f9f26-834d-4c64-8863-fa8c069249bc/ HTTP/1.1" 200 691
[15/Aug/2026 04:49:38] "GET /api/scans/2b2f9f26-834d-4c64-8863-fa8c069249bc/ HTTP/1.1" 200 691
[15/Aug/2026 04:49:41] "GET /api/scans/2b2f9f26-834d-4c64-8863-fa8c069249bc/ HTTP/1.1" 200 691
[15/Aug/2026 04:49:43] "GET /api/scans/2b2f9f26-834d-4c64-8863-fa8c069249bc/ HTTP/1.1" 200 691
[15/Aug/2026 04:49:46] "GET /api/scans/2b2f9f26-834d-4c64-8863-fa8c069249bc/ HTTP/1.1" 200 691
[15/Aug/2026 04:49:48] "GET /api/scans/2b2f9f26-834d-4c64-8863-fa8c069249bc/ HTTP/1.1" 200 691
[15/Aug/2026 04:49:51] "GET /api/scans/2b2f9f26-834d-4c64-8863-fa8c069249bc/ HTTP/1.1" 200 691
[15/Aug/2026 04:49:53] "GET /api/scans/2b2f9f26-834d-4c64-8863-fa8c069249bc/ HTTP/1.1" 200 691
[15/Aug/2026 04:49:56] "GET /api/scans/2b2f9f26-834d-4c64-8863-fa8c069249bc/ HTTP/1.1" 200 691
[15/Aug/2026 04:49:59] "GET /api/scans/2b2f9f26-834d-4c64-8863-fa8c069249bc/ HTTP/1.1" 200 691
[15/Aug/2026 04:50:01] "GET /api/scans/2b2f9f26-834d-4c64-8863-fa8c069249bc/ HTTP/1.1" 200 691
[15/Aug/2026 04:50:04] "GET /api/scans/2b2f9f26-834d-4c64-8863-fa8c069249bc/ HTTP/1.1" 200 691
[15/Aug/2026 04:50:06] "GET /api/scans/2b2f9f26-834d-4c64-8863-fa8c069249bc/ HTTP/1.1" 200 691
[15/Aug/2026 04:50:09] "GET /api/scans/2b2f9f26-834d-4c64-8863-fa8c069249bc/ HTTP/1.1" 200 691
[15/Aug/2026 04:50:11] "GET /api/scans/2b2f9f26-834d-4c64-8863-fa8c069249bc/ HTTP/1.1" 200 691
[15/Aug/2026 04:50:14] "GET /api/scans/2b2f9f26-834d-4c64-8863-fa8c069249bc/ HTTP/1.1" 200 691
[15/Aug/2026 04:50:16] "GET /api/scans/2b2f9f26-834d-4c64-8863-fa8c069249bc/ HTTP/1.1" 200 691
[15/Aug/2026 04:50:19] "GET /api/scans/2b2f9f26-834d-4c64-8863-fa8c069249bc/ HTTP/1.1" 200 691
[15/Aug/2026 04:50:21] "GET /api/scans/2b2f9f26-834d-4c64-8863-fa8c069249bc/ HTTP/1.1" 200 691
[15/Aug/2026 04:50:24] "GET /api/scans/2b2f9f26-834d-4c64-8863-fa8c069249bc/ HTTP/1.1" 200 691
[15/Aug/2026 04:50:26] "GET /api/scans/2b2f9f26-834d-4c64-8863-fa8c069249bc/ HTTP/1.1" 200 691
[15/Aug/2026 04:50:29] "GET /api/scans/2b2f9f26-834d-4c64-8863-fa8c069249bc/ HTTP/1.1" 200 691
[15/Aug/2026 04:50:31] "GET /api/scans/2b2f9f26-834d-4c64-8863-fa8c069249bc/ HTTP/1.1" 200 691
[15/Aug/2026 04:50:34] "GET /api/scans/2b2f9f26-834d-4c64-8863-fa8c069249bc/ HTTP/1.1" 200 691
[15/Aug/2026 04:50:36] "GET /api/scans/2b2f9f26-834d-4c64-8863-fa8c069249bc/ HTTP/1.1" 200 691
[15/Aug/2026 04:50:39] "GET /api/scans/2b2f9f26-834d-4c64-8863-fa8c069249bc/ HTTP/1.1" 200 691
[15/Aug/2026 04:50:41] "GET /api/scans/2b2f9f26-834d-4c64-8863-fa8c069249bc/ HTTP/1.1" 200 691
[15/Aug/2026 04:50:44] "GET /api/scans/2b2f9f26-834d-4c64-8863-fa8c069249bc/ HTTP/1.1" 200 691
[15/Aug/2026 04:50:47] "GET /api/scans/2b2f9f26-834d-4c64-8863-fa8c069249bc/ HTTP/1.1" 200 691
[15/Aug/2026 04:50:49] "GET /api/scans/2b2f9f26-834d-4c64-8863-fa8c069249bc/ HTTP/1.1" 200 691
[15/Aug/2026 04:50:52] "GET /api/scans/2b2f9f26-834d-4c64-8863-fa8c069249bc/ HTTP/1.1" 200 691
[15/Aug/2026 04:50:54] "GET /api/scans/2b2f9f26-834d-4c64-8863-fa8c069249bc/ HTTP/1.1" 200 691
[15/Aug/2026 04:50:57] "GET /api/scans/2b2f9f26-834d-4c64-8863-fa8c069249bc/ HTTP/1.1" 200 691
[15/Aug/2026 04:50:59] "GET /api/scans/2b2f9f26-834d-4c64-8863-fa8c069249bc/ HTTP/1.1" 200 691
[15/Aug/2026 04:51:02] "GET /api/scans/2b2f9f26-834d-4c64-8863-fa8c069249bc/ HTTP/1.1" 200 691
[15/Aug/2026 04:51:04] "GET /api/scans/2b2f9f26-834d-4c64-8863-fa8c069249bc/ HTTP/1.1" 200 691
[15/Aug/2026 04:51:07] "GET /api/scans/2b2f9f26-834d-4c64-8863-fa8c069249bc/ HTTP/1.1" 200 691
[15/Aug/2026 04:51:09] "GET /api/scans/2b2f9f26-834d-4c64-8863-fa8c069249bc/ HTTP/1.1" 200 691
[15/Aug/2026 04:51:12] "GET /api/scans/2b2f9f26-834d-4c64-8863-fa8c069249bc/ HTTP/1.1" 200 691
[15/Aug/2026 04:51:14] "GET /api/scans/2b2f9f26-834d-4c64-8863-fa8c069249bc/ HTTP/1.1" 200 691
[15/Aug/2026 04:51:17] "GET /api/scans/2b2f9f26-834d-4c64-8863-fa8c069249bc/ HTTP/1.1" 200 691
[15/Aug/2026 04:51:19] "GET /api/scans/2b2f9f26-834d-4c64-8863-fa8c069249bc/ HTTP/1.1" 200 691
[15/Aug/2026 04:51:22] "GET /api/scans/2b2f9f26-834d-4c64-8863-fa8c069249bc/ HTTP/1.1" 200 691
[15/Aug/2026 04:51:24] "GET /api/scans/2b2f9f26-834d-4c64-8863-fa8c069249bc/ HTTP/1.1" 200 691
[15/Aug/2026 04:51:27] "GET /api/scans/2b2f9f26-834d-4c64-8863-fa8c069249bc/ HTTP/1.1" 200 691
[15/Aug/2026 04:51:30] "GET /api/scans/2b2f9f26-834d-4c64-8863-fa8c069249bc/ HTTP/1.1" 200 691
[15/Aug/2026 04:51:32] "GET /api/scans/2b2f9f26-834d-4c64-8863-fa8c069249bc/ HTTP/1.1" 200 691
[15/Aug/2026 04:51:35] "GET /api/scans/2b2f9f26-834d-4c64-8863-fa8c069249bc/ HTTP/1.1" 200 691
[15/Aug/2026 04:51:37] "GET /api/scans/2b2f9f26-834d-4c64-8863-fa8c069249bc/ HTTP/1.1" 200 691
[15/Aug/2026 04:51:40] "GET /api/scans/2b2f9f26-834d-4c64-8863-fa8c069249bc/ HTTP/1.1" 200 691
[15/Aug/2026 04:51:42] "GET /api/scans/2b2f9f26-834d-4c64-8863-fa8c069249bc/ HTTP/1.1" 200 691
[15/Aug/2026 04:51:45] "GET /api/scans/2b2f9f26-834d-4c64-8863-fa8c069249bc/ HTTP/1.1" 200 691
[15/Aug/2026 04:51:47] "GET /api/scans/2b2f9f26-834d-4c64-8863-fa8c069249bc/ HTTP/1.1" 200 691
[15/Aug/2026 04:51:50] "GET /api/scans/2b2f9f26-834d-4c64-8863-fa8c069249bc/ HTTP/1.1" 200 691
[15/Aug/2026 04:51:52] "GET /api/scans/2b2f9f26-834d-4c64-8863-fa8c069249bc/ HTTP/1.1" 200 691
[15/Aug/2026 04:51:55] "GET /api/scans/2b2f9f26-834d-4c64-8863-fa8c069249bc/ HTTP/1.1" 200 691
[15/Aug/2026 04:51:57] "GET /api/scans/2b2f9f26-834d-4c64-8863-fa8c069249bc/ HTTP/1.1" 200 691
[15/Aug/2026 04:52:00] "GET /api/scans/2b2f9f26-834d-4c64-8863-fa8c069249bc/ HTTP/1.1" 200 691
[15/Aug/2026 04:52:02] "GET /api/scans/2b2f9f26-834d-4c64-8863-fa8c069249bc/ HTTP/1.1" 200 691
[15/Aug/2026 04:52:05] "GET /api/scans/2b2f9f26-834d-4c64-8863-fa8c069249bc/ HTTP/1.1" 200 691
[15/Aug/2026 04:52:07] "GET /api/scans/2b2f9f26-834d-4c64-8863-fa8c069249bc/ HTTP/1.1" 200 691
[15/Aug/2026 04:52:10] "GET /api/scans/2b2f9f26-834d-4c64-8863-fa8c069249bc/ HTTP/1.1" 200 691
[15/Aug/2026 04:52:13] "GET /api/scans/2b2f9f26-834d-4c64-8863-fa8c069249bc/ HTTP/1.1" 200 691
[15/Aug/2026 04:52:15] "GET /api/scans/2b2f9f26-834d-4c64-8863-fa8c069249bc/ HTTP/1.1" 200 691
[15/Aug/2026 04:52:18] "GET /api/scans/2b2f9f26-834d-4c64-8863-fa8c069249bc/ HTTP/1.1" 200 691
[15/Aug/2026 04:52:20] "GET /api/scans/2b2f9f26-834d-4c64-8863-fa8c069249bc/ HTTP/1.1" 200 691
[15/Aug/2026 04:52:23] "GET /api/scans/2b2f9f26-834d-4c64-8863-fa8c069249bc/ HTTP/1.1" 200 691
[15/Aug/2026 04:52:25] "GET /api/scans/2b2f9f26-834d-4c64-8863-fa8c069249bc/ HTTP/1.1" 200 691
[15/Aug/2026 04:52:28] "GET /api/scans/2b2f9f26-834d-4c64-8863-fa8c069249bc/ HTTP/1.1" 200 691
[15/Aug/2026 04:52:30] "GET /api/scans/2b2f9f26-834d-4c64-8863-fa8c069249bc/ HTTP/1.1" 200 691
[15/Aug/2026 04:52:33] "GET /api/scans/2b2f9f26-834d-4c64-8863-fa8c069249bc/ HTTP/1.1" 200 691
[15/Aug/2026 04:52:35] "GET /api/scans/2b2f9f26-834d-4c64-8863-fa8c069249bc/ HTTP/1.1" 200 691
[15/Aug/2026 04:52:38] "GET /api/scans/2b2f9f26-834d-4c64-8863-fa8c069249bc/ HTTP/1.1" 200 691
[15/Aug/2026 04:52:40] "GET /api/scans/2b2f9f26-834d-4c64-8863-fa8c069249bc/ HTTP/1.1" 200 691
[15/Aug/2026 04:52:43] "GET /api/scans/2b2f9f26-834d-4c64-8863-fa8c069249bc/ HTTP/1.1" 200 691
[15/Aug/2026 04:52:45] "GET /api/scans/2b2f9f26-834d-4c64-8863-fa8c069249bc/ HTTP/1.1" 200 691
[15/Aug/2026 04:52:48] "GET /api/scans/2b2f9f26-834d-4c64-8863-fa8c069249bc/ HTTP/1.1" 200 691
[15/Aug/2026 04:52:50] "GET /api/scans/2b2f9f26-834d-4c64-8863-fa8c069249bc/ HTTP/1.1" 200 691
[15/Aug/2026 04:52:53] "GET /api/scans/2b2f9f26-834d-4c64-8863-fa8c069249bc/ HTTP/1.1" 200 691
[15/Aug/2026 04:52:56] "GET /api/scans/2b2f9f26-834d-4c64-8863-fa8c069249bc/ HTTP/1.1" 200 691
[15/Aug/2026 04:52:58] "GET /api/scans/2b2f9f26-834d-4c64-8863-fa8c069249bc/ HTTP/1.1" 200 691
[15/Aug/2026 04:53:01] "GET /api/scans/2b2f9f26-834d-4c64-8863-fa8c069249bc/ HTTP/1.1" 200 691
[15/Aug/2026 04:53:03] "GET /api/scans/2b2f9f26-834d-4c64-8863-fa8c069249bc/ HTTP/1.1" 200 691
[15/Aug/2026 04:53:06] "GET /api/scans/2b2f9f26-834d-4c64-8863-fa8c069249bc/ HTTP/1.1" 200 691
[15/Aug/2026 04:53:08] "GET /api/scans/2b2f9f26-834d-4c64-8863-fa8c069249bc/ HTTP/1.1" 200 691
[15/Aug/2026 04:53:11] "GET /api/scans/2b2f9f26-834d-4c64-8863-fa8c069249bc/ HTTP/1.1" 200 691
[15/Aug/2026 04:53:13] "GET /api/scans/2b2f9f26-834d-4c64-8863-fa8c069249bc/ HTTP/1.1" 200 691
[15/Aug/2026 04:53:16] "GET /api/scans/2b2f9f26-834d-4c64-8863-fa8c069249bc/ HTTP/1.1" 200 691
[15/Aug/2026 04:53:18] "GET /api/scans/2b2f9f26-834d-4c64-8863-fa8c069249bc/ HTTP/1.1" 200 691
[15/Aug/2026 04:53:21] "GET /api/scans/2b2f9f26-834d-4c64-8863-fa8c069249bc/ HTTP/1.1" 200 691
[15/Aug/2026 04:53:23] "GET /api/scans/2b2f9f26-834d-4c64-8863-fa8c069249bc/ HTTP/1.1" 200 691
[15/Aug/2026 04:53:26] "GET /api/scans/2b2f9f26-834d-4c64-8863-fa8c069249bc/ HTTP/1.1" 200 691
[15/Aug/2026 04:53:28] "GET /api/scans/2b2f9f26-834d-4c64-8863-fa8c069249bc/ HTTP/1.1" 200 691
[15/Aug/2026 04:53:31] "GET /api/scans/2b2f9f26-834d-4c64-8863-fa8c069249bc/ HTTP/1.1" 200 691
[15/Aug/2026 04:53:34] "GET /api/scans/2b2f9f26-834d-4c64-8863-fa8c069249bc/ HTTP/1.1" 200 691
[15/Aug/2026 04:53:37] "GET /api/scans/2b2f9f26-834d-4c64-8863-fa8c069249bc/ HTTP/1.1" 200 691
[15/Aug/2026 04:53:40] "GET /api/scans/2b2f9f26-834d-4c64-8863-fa8c069249bc/ HTTP/1.1" 200 691
[15/Aug/2026 04:53:44] "GET /api/scans/2b2f9f26-834d-4c64-8863-fa8c069249bc/ HTTP/1.1" 200 691
[15/Aug/2026 04:53:47] "GET /api/scans/2b2f9f26-834d-4c64-8863-fa8c069249bc/ HTTP/1.1" 200 691
[15/Aug/2026 04:53:49] "GET /api/scans/2b2f9f26-834d-4c64-8863-fa8c069249bc/ HTTP/1.1" 200 691
[15/Aug/2026 04:53:52] "GET /api/scans/2b2f9f26-834d-4c64-8863-fa8c069249bc/ HTTP/1.1" 200 691
[15/Aug/2026 04:53:55] "GET /api/scans/2b2f9f26-834d-4c64-8863-fa8c069249bc/ HTTP/1.1" 200 691
[15/Aug/2026 04:53:57] "GET /api/scans/2b2f9f26-834d-4c64-8863-fa8c069249bc/ HTTP/1.1" 200 1555
[15/Aug/2026 04:53:57] "GET /api/scans/2b2f9f26-834d-4c64-8863-fa8c069249bc/report/json/ HTTP/1.1" 200 4261407
[15/Aug/2026 04:53:57] "GET /api/scans/ HTTP/1.1" 200 4036
[15/Aug/2026 04:54:46] "GET /api/scans/2b2f9f26-834d-4c64-8863-fa8c069249bc/report/pdf/ HTTP/1.1" 200 871975
[15/Aug/2026 04:54:49] "GET /api/scans/2b2f9f26-834d-4c64-8863-fa8c069249bc/report/html/ HTTP/1.1" 200 1577560
[15/Aug/2026 05:05:54] "GET /api/scans/ HTTP/1.1" 200 4036
[15/Aug/2026 05:05:54] "GET /api/reports/latest/ HTTP/1.1" 200 3327512
[15/Aug/2026 05:05:54] "GET /api/scans/ HTTP/1.1" 200 4036
[15/Aug/2026 05:05:54] "GET /api/reports/latest/ HTTP/1.1" 200 3327512
[15/Aug/2026 05:09:32] "GET /api/scans/ HTTP/1.1" 200 4036
[15/Aug/2026 05:09:32] "GET /api/reports/latest/ HTTP/1.1" 200 3327512
[15/Aug/2026 05:09:32] "GET /api/scans/ HTTP/1.1" 200 4036
[15/Aug/2026 05:09:32] "GET /api/reports/latest/ HTTP/1.1" 200 3327512
[15/Aug/2026 05:10:32] "POST /api/scans/ HTTP/1.1" 202 645
[15/Aug/2026 05:10:32] "GET /api/scans/ HTTP/1.1" 200 4749
[15/Aug/2026 05:10:35] "GET /api/scans/1fc8dbd8-7f60-4b69-843b-9a721e0d7df5/ HTTP/1.1" 200 711
[15/Aug/2026 05:10:37] "GET /api/scans/1fc8dbd8-7f60-4b69-843b-9a721e0d7df5/ HTTP/1.1" 200 711
[15/Aug/2026 05:10:40] "GET /api/scans/1fc8dbd8-7f60-4b69-843b-9a721e0d7df5/ HTTP/1.1" 200 711
[15/Aug/2026 05:10:42] "GET /api/scans/1fc8dbd8-7f60-4b69-843b-9a721e0d7df5/ HTTP/1.1" 200 711
[15/Aug/2026 05:10:45] "GET /api/scans/1fc8dbd8-7f60-4b69-843b-9a721e0d7df5/ HTTP/1.1" 200 711
[15/Aug/2026 05:10:48] "GET /api/scans/1fc8dbd8-7f60-4b69-843b-9a721e0d7df5/ HTTP/1.1" 200 711
[15/Aug/2026 05:10:50] "GET /api/scans/1fc8dbd8-7f60-4b69-843b-9a721e0d7df5/ HTTP/1.1" 200 711
[15/Aug/2026 05:10:53] "GET /api/scans/1fc8dbd8-7f60-4b69-843b-9a721e0d7df5/ HTTP/1.1" 200 711
[15/Aug/2026 05:10:55] "GET /api/scans/1fc8dbd8-7f60-4b69-843b-9a721e0d7df5/ HTTP/1.1" 200 711
[15/Aug/2026 05:10:58] "GET /api/scans/1fc8dbd8-7f60-4b69-843b-9a721e0d7df5/ HTTP/1.1" 200 711
[15/Aug/2026 05:11:00] "GET /api/scans/1fc8dbd8-7f60-4b69-843b-9a721e0d7df5/ HTTP/1.1" 200 711
[15/Aug/2026 05:11:03] "GET /api/scans/1fc8dbd8-7f60-4b69-843b-9a721e0d7df5/ HTTP/1.1" 200 711
[15/Aug/2026 05:11:05] "GET /api/scans/1fc8dbd8-7f60-4b69-843b-9a721e0d7df5/ HTTP/1.1" 200 711
[15/Aug/2026 05:11:08] "GET /api/scans/1fc8dbd8-7f60-4b69-843b-9a721e0d7df5/ HTTP/1.1" 200 711
[15/Aug/2026 05:11:10] "GET /api/scans/1fc8dbd8-7f60-4b69-843b-9a721e0d7df5/ HTTP/1.1" 200 711
[15/Aug/2026 05:11:13] "GET /api/scans/1fc8dbd8-7f60-4b69-843b-9a721e0d7df5/ HTTP/1.1" 200 711
[15/Aug/2026 05:11:15] "GET /api/scans/1fc8dbd8-7f60-4b69-843b-9a721e0d7df5/ HTTP/1.1" 200 711
[15/Aug/2026 05:11:18] "GET /api/scans/1fc8dbd8-7f60-4b69-843b-9a721e0d7df5/ HTTP/1.1" 200 711
[15/Aug/2026 05:11:20] "GET /api/scans/1fc8dbd8-7f60-4b69-843b-9a721e0d7df5/ HTTP/1.1" 200 711
[15/Aug/2026 05:11:23] "GET /api/scans/1fc8dbd8-7f60-4b69-843b-9a721e0d7df5/ HTTP/1.1" 200 711
[15/Aug/2026 05:11:25] "GET /api/scans/1fc8dbd8-7f60-4b69-843b-9a721e0d7df5/ HTTP/1.1" 200 711
[15/Aug/2026 05:11:28] "GET /api/scans/1fc8dbd8-7f60-4b69-843b-9a721e0d7df5/ HTTP/1.1" 200 711
[15/Aug/2026 05:11:31] "GET /api/scans/1fc8dbd8-7f60-4b69-843b-9a721e0d7df5/ HTTP/1.1" 200 711
[15/Aug/2026 05:11:33] "GET /api/scans/1fc8dbd8-7f60-4b69-843b-9a721e0d7df5/ HTTP/1.1" 200 711
[15/Aug/2026 05:11:36] "GET /api/scans/1fc8dbd8-7f60-4b69-843b-9a721e0d7df5/ HTTP/1.1" 200 711
[15/Aug/2026 05:11:38] "GET /api/scans/1fc8dbd8-7f60-4b69-843b-9a721e0d7df5/ HTTP/1.1" 200 1231
[15/Aug/2026 05:11:38] "GET /api/scans/1fc8dbd8-7f60-4b69-843b-9a721e0d7df5/report/json/ HTTP/1.1" 200 44477
[15/Aug/2026 05:11:38] "GET /api/scans/ HTTP/1.1" 200 5269
[15/Aug/2026 10:06:03] "GET /api/scans/ HTTP/1.1" 200 5269
[15/Aug/2026 10:06:03] "GET /api/reports/latest/ HTTP/1.1" 200 33874
[15/Aug/2026 10:06:03] "GET /api/reports/latest/ HTTP/1.1" 200 33874
[15/Aug/2026 10:06:03] "GET /api/scans/ HTTP/1.1" 200 5269
[15/Aug/2026 10:30:12] "GET /api/reports/latest/ HTTP/1.1" 200 33874
[15/Aug/2026 10:30:12] "GET /api/scans/ HTTP/1.1" 200 5269
[15/Aug/2026 10:30:12] "GET /api/reports/latest/ HTTP/1.1" 200 33874
[15/Aug/2026 10:30:12] "GET /api/scans/ HTTP/1.1" 200 5269
[15/Aug/2026 10:32:50] "GET /api/reports/latest/ HTTP/1.1" 200 33874
[15/Aug/2026 10:32:50] "GET /api/scans/ HTTP/1.1" 200 5269
[15/Aug/2026 10:32:50] "GET /api/reports/latest/ HTTP/1.1" 200 33874
[15/Aug/2026 10:32:50] "GET /api/scans/ HTTP/1.1" 200 5269
[15/Aug/2026 10:42:19] "GET /api/health/ HTTP/1.1" 200 44
[15/Aug/2026 10:42:19] "GET /api/scans/ HTTP/1.1" 200 5269
[15/Aug/2026 10:42:19,759] - Broken pipe from ('127.0.0.1', 57149)
